
$ pwd
/c/Users/PMLS/.vagrant.d


PMYLS@DESKTOP-8BL3MIG MINGW64 ~/.vagrant.d
$ cd boxes/

PMYLS@DESKTOP-8BL3MIG MINGW64 ~/.vagrant.d/boxes
$ ls
ubuntu-VAGRANTSLASH-trusty64/

PMYLS@DESKTOP-8BL3MIG MINGW64 ~/.vagrant.d/boxes
$ vagrant box list
ubuntu/trusty64 (virtualbox, 20191107.0.0)



$ vagrant box add hashicorp/precise64
==> box: Loading metadata for box 'hashicorp/precise64'
    box: URL: https://vagrantcloud.com/hashicorp/precise64
This box can work with multiple providers! The providers that it
can work with are listed below. Please review the list and choose
the provider you will be working with.

1) hyperv
2) virtualbox
3) vmware_fusion

Enter your choice: 2
==> box: Adding box 'hashicorp/precise64' (v1.1.0) for provider: virtualbox
    box: Downloading: https://vagrantcloud.com/hashicorp/boxes/precise64/versions/1.1.0/providers/virtualbox.box
    box:
==> box: Successfully added box 'hashicorp/precise64' (v1.1.0) for 'virtualbox'!

AzureAD+AbdealiDodiya@DESKTOP-08RGL16 MINGW64 ~/.vagrant.d/boxes
$ vagrant box list
centos/7            (virtualbox, 2004.01)
hashicorp/precise64 (virtualbox, 1.1.0)
ubuntu/trusty64     (virtualbox, 20190514.0.0)



$ vagrant init hashicorp/precise64
A `Vagrantfile` has been placed in this directory. You are now
ready to `vagrant up` your first virtual environment! Please read
the comments in the Vagrantfile as well as documentation on
`vagrantup.com` for more information on using Vagrant.

AzureAD+AbdealiDodiya@DESKTOP-08RGL16 MINGW64 ~/Desktop/project/tes1
$ vagrant up
Bringing machine 'default' up with 'virtualbox' provider...
==> default: Importing base box 'hashicorp/precise64'...
==> default: Matching MAC address for NAT networking...
==> default: Checking if box 'hashicorp/precise64' version '1.1.0' is up to date...
==> default: Setting the name of the VM: tes1_default_1671266481503_17415
==> default: Clearing any previously set network interfaces...
==> default: Preparing network interfaces based on configuration...
    default: Adapter 1: nat
==> default: Forwarding ports...
    default: 22 (guest) => 2222 (host) (adapter 1)
==> default: Booting VM...
==> default: Waiting for machine to boot. This may take a few minutes...
    default: SSH address: 127.0.0.1:2222
    default: SSH username: vagrant
    default: SSH auth method: private key
    default:
    default: Vagrant insecure key detected. Vagrant will automatically replace
    default: this with a newly generated keypair for better security.
    default:
    default: Inserting generated public key within guest...
    default: Removing insecure key from the guest if it's present...
    default: Key inserted! Disconnecting and reconnecting using new SSH key...
==> default: Machine booted and ready!
==> default: Checking for guest additions in VM...
    default: The guest additions on this VM do not match the installed version of
    default: VirtualBox! In most cases this is fine, but in rare cases it can
    default: prevent things such as shared folders from working properly. If you see
    default: shared folder errors, please make sure the guest additions within the
    default: virtual machine match the version of VirtualBox you have installed on
    default: your host and reload your VM.
    default:
    default: Guest Additions Version: 4.2.0
    default: VirtualBox Version: 5.2
==> default: Mounting shared folders...
    default: /vagrant => C:/Users/AbdealiDodiya/Desktop/project/tes1



(The point to say here is that if we have already placed an boxfile in boxes then it will not fetch it from vagrant cloud rather will fatch from 
already present file in box)


(Even though we destroy the vagrant image will still be present in vagrant box)
 $ vagrant box list
centos/7            (virtualbox, 2004.01)
hashicorp/precise64 (virtualbox, 1.1.0)
ubuntu/trusty64     (virtualbox, 20190514.0.0)



(to see if images are latest)
AzureAD+AbdealiDodiya@DESKTOP-08RGL16 MINGW64 ~/Desktop/project/tes1
$ vagrant box update
==> default: Checking for updates to 'hashicorp/precise64'
    default: Latest installed version: 1.1.0
    default: Version constraints:
    default: Provider: virtualbox
==> default: Box 'hashicorp/precise64' (v1.1.0) is running the latest version.



AzureAD+AbdealiDodiya@DESKTOP-08RGL16 MINGW64 ~/Desktop/project/tes1
$ vagrant box list
centos/7            (virtualbox, 2004.01)
hashicorp/precise64 (virtualbox, 1.1.0)
ubuntu/trusty64     (virtualbox, 20190514.0.0)



$ vagrant box remove hashicorp/precise64



$ vagrant init hashicorp/precise64

$ vagrant box list

$ vagrant up
Bringing machine 'default' up with 'virtualbox' provider...
==> default: Box 'hashicorp/precise64' could not be found. Attempting to find and install...
    default: Box Provider: virtualbox
    default: Box Version: >= 0
==> default: Loading metadata for box 'hashicorp/precise64'
    default: URL: https://vagrantcloud.com/hashicorp/precise64
==> default: Adding box 'hashicorp/precise64' (v1.1.0) for provider: virtualbox
    default: Downloading: https://vagrantcloud.com/hashicorp/boxes/precise64/versions/1.1.0/providers/virtualbox.box
Progress: 40% (Rate: 1196k*/s, Estimated time remaining: 0:03:02)